[2m3:19:18 PM[22m [31m[1m[vite][22m[39m [31m[2m(client)[22m[39m Pre-transform error: Transform failed with 1 error:
C:/Users/User001/Downloads/tcc-unifast/frontend/src/api/auth.ts:1:0: ERROR: Unexpected "<<"
  Plugin: [35mvite:esbuild[39m
  File: [36mC:/Users/User001/Downloads/tcc-unifast/frontend/src/api/auth.ts[39m:1:0
[33m  
  [33mUnexpected "<<"[33m
  1  |  <<<<<<< HEAD
     |  ^
  2  |  import { API_BASE } from "@/config";
  3  |  import { ApiError, apiFetch, apiUrl } from "./client";
  [39m
[2m3:19:18 PM[22m [31m[1m[vite][22m[39m [31mInternal server error: Transform failed with 1 error:
C:/Users/User001/Downloads/tcc-unifast/frontend/src/api/auth.ts:1:0: ERROR: Unexpected "<<"[39m
  Plugin: [35mvite:esbuild[39m
  File: [36mC:/Users/User001/Downloads/tcc-unifast/frontend/src/api/auth.ts[39m:1:0
[33m  
  [33mUnexpected "<<"[33m
  1  |  <<<<<<< HEAD
     |  ^
  2  |  import { API_BASE } from "@/config";
  3  |  import { ApiError, apiFetch, apiUrl } from "./client";
  [39m
      at failureErrorWithLog (C:\Users\User001\Downloads\tcc-unifast\frontend\node_modules\esbuild\lib\main.js:1748:15)
      at C:\Users\User001\Downloads\tcc-unifast\frontend\node_modules\esbuild\lib\main.js:1017:50
      at responseCallbacks.<computed> (C:\Users\User001\Downloads\tcc-unifast\frontend\node_modules\esbuild\lib\main.js:884:9)
      at handleIncomingPacket (C:\Users\User001\Downloads\tcc-unifast\frontend\node_modules\esbuild\lib\main.js:939:12)
      at Socket.readFromStdout (C:\Users\User001\Downloads\tcc-unifast\frontend\node_modules\esbuild\lib\main.js:862:7)
      at Socket.emit (node:events:508:28)
      at addChunk (node:internal/streams/readable:559:12)
      at readableAddChunkPushByteMode (node:internal/streams/readable:510:3)
      at Readable.push (node:internal/streams/readable:390:5)
      at Pipe.onStreamRead (node:internal/stream_base_commons:189:23)
[2m3:19:48 PM[22m [31m[1m[vite][22m[39m [31mInternal server error: Transform failed with 1 error:
C:/Users/User001/Downloads/tcc-unifast/frontend/src/api/auth.ts:1:0: ERROR: Unexpected "<<"[39m
  Plugin: [35mvite:esbuild[39m
  File: [36mC:/Users/User001/Downloads/tcc-unifast/frontend/src/api/auth.ts[39m:1:0
[33m  
  [33mUnexpected "<<"[33m
  1  |  <<<<<<< HEAD
     |  ^
  2  |  import { API_BASE } from "@/config";
  3  |  import { ApiError, apiFetch, apiUrl } from "./client";
  [39m
      at failureErrorWithLog (C:\Users\User001\Downloads\tcc-unifast\frontend\node_modules\esbuild\lib\main.js:1748:15)
      at C:\Users\User001\Downloads\tcc-unifast\frontend\node_modules\esbuild\lib\main.js:1017:50
      at responseCallbacks.<computed> (C:\Users\User001\Downloads\tcc-unifast\frontend\node_modules\esbuild\lib\main.js:884:9)
      at handleIncomingPacket (C:\Users\User001\Downloads\tcc-unifast\frontend\node_modules\esbuild\lib\main.js:939:12)
      at Socket.readFromStdout (C:\Users\User001\Downloads\tcc-unifast\frontend\node_modules\esbuild\lib\main.js:862:7)
      at Socket.emit (node:events:508:28)
      at addChunk (node:internal/streams/readable:559:12)
      at readableAddChunkPushByteMode (node:internal/streams/readable:510:3)
      at Readable.push (node:internal/streams/readable:390:5)
      at Pipe.onStreamRead (node:internal/stream_base_commons:189:23)
[2m3:35:16 PM[22m [31m[1m[vite][22m[39m [31mInternal server error: Transform failed with 1 error:
C:/Users/User001/Downloads/tcc-unifast/frontend/src/api/auth.ts:1:0: ERROR: Unexpected "<<"[39m
  Plugin: [35mvite:esbuild[39m
  File: [36mC:/Users/User001/Downloads/tcc-unifast/frontend/src/api/auth.ts[39m:1:0
[33m  
  [33mUnexpected "<<"[33m
  1  |  <<<<<<< HEAD
     |  ^
  2  |  import { API_BASE } from "@/config";
  3  |  import { ApiError, apiFetch, apiUrl } from "./client";
  [39m
      at failureErrorWithLog (C:\Users\User001\Downloads\tcc-unifast\frontend\node_modules\esbuild\lib\main.js:1748:15)
      at C:\Users\User001\Downloads\tcc-unifast\frontend\node_modules\esbuild\lib\main.js:1017:50
      at responseCallbacks.<computed> (C:\Users\User001\Downloads\tcc-unifast\frontend\node_modules\esbuild\lib\main.js:884:9)
      at handleIncomingPacket (C:\Users\User001\Downloads\tcc-unifast\frontend\node_modules\esbuild\lib\main.js:939:12)
      at Socket.readFromStdout (C:\Users\User001\Downloads\tcc-unifast\frontend\node_modules\esbuild\lib\main.js:862:7)
      at Socket.emit (node:events:508:28)
      at addChunk (node:internal/streams/readable:559:12)
      at readableAddChunkPushByteMode (node:internal/streams/readable:510:3)
      at Readable.push (node:internal/streams/readable:390:5)
      at Pipe.onStreamRead (node:internal/stream_base_commons:189:23)
[2m3:35:20 PM[22m [31m[1m[vite][22m[39m [31mInternal server error: Transform failed with 1 error:
C:/Users/User001/Downloads/tcc-unifast/frontend/src/api/auth.ts:1:0: ERROR: Unexpected "<<"[39m
  Plugin: [35mvite:esbuild[39m
  File: [36mC:/Users/User001/Downloads/tcc-unifast/frontend/src/api/auth.ts[39m:1:0
[33m  
  [33mUnexpected "<<"[33m
  1  |  <<<<<<< HEAD
     |  ^
  2  |  import { API_BASE } from "@/config";
  3  |  import { ApiError, apiFetch, apiUrl } from "./client";
  [39m
      at failureErrorWithLog (C:\Users\User001\Downloads\tcc-unifast\frontend\node_modules\esbuild\lib\main.js:1748:15)
      at C:\Users\User001\Downloads\tcc-unifast\frontend\node_modules\esbuild\lib\main.js:1017:50
      at responseCallbacks.<computed> (C:\Users\User001\Downloads\tcc-unifast\frontend\node_modules\esbuild\lib\main.js:884:9)
      at handleIncomingPacket (C:\Users\User001\Downloads\tcc-unifast\frontend\node_modules\esbuild\lib\main.js:939:12)
      at Socket.readFromStdout (C:\Users\User001\Downloads\tcc-unifast\frontend\node_modules\esbuild\lib\main.js:862:7)
      at Socket.emit (node:events:508:28)
      at addChunk (node:internal/streams/readable:559:12)
      at readableAddChunkPushByteMode (node:internal/streams/readable:510:3)
      at Readable.push (node:internal/streams/readable:390:5)
      at Pipe.onStreamRead (node:internal/stream_base_commons:189:23)
[2m3:38:44 PM[22m [31m[1m[vite][22m[39m [31mInternal server error: Transform failed with 1 error:
C:/Users/User001/Downloads/tcc-unifast/frontend/src/api/auth.ts:1:0: ERROR: Unexpected "<<"[39m
  Plugin: [35mvite:esbuild[39m
  File: [36mC:/Users/User001/Downloads/tcc-unifast/frontend/src/api/auth.ts[39m:1:0
[33m  
  [33mUnexpected "<<"[33m
  1  |  <<<<<<< HEAD
     |  ^
  2  |  import { API_BASE } from "@/config";
  3  |  import { ApiError, apiFetch, apiUrl } from "./client";
  [39m
      at failureErrorWithLog (C:\Users\User001\Downloads\tcc-unifast\frontend\node_modules\esbuild\lib\main.js:1748:15)
      at C:\Users\User001\Downloads\tcc-unifast\frontend\node_modules\esbuild\lib\main.js:1017:50
      at responseCallbacks.<computed> (C:\Users\User001\Downloads\tcc-unifast\frontend\node_modules\esbuild\lib\main.js:884:9)
      at handleIncomingPacket (C:\Users\User001\Downloads\tcc-unifast\frontend\node_modules\esbuild\lib\main.js:939:12)
      at Socket.readFromStdout (C:\Users\User001\Downloads\tcc-unifast\frontend\node_modules\esbuild\lib\main.js:862:7)
      at Socket.emit (node:events:508:28)
      at addChunk (node:internal/streams/readable:559:12)
      at readableAddChunkPushByteMode (node:internal/streams/readable:510:3)
      at Readable.push (node:internal/streams/readable:390:5)
      at Pipe.onStreamRead (node:internal/stream_base_commons:189:23)
[2m3:41:58 PM[22m [31m[1m[vite][22m[39m [31mInternal server error: Transform failed with 1 error:
C:/Users/User001/Downloads/tcc-unifast/frontend/src/api/auth.ts:1:0: ERROR: Unexpected "<<"[39m
  Plugin: [35mvite:esbuild[39m
  File: [36mC:/Users/User001/Downloads/tcc-unifast/frontend/src/api/auth.ts[39m:1:0
[33m  
  [33mUnexpected "<<"[33m
  1  |  <<<<<<< HEAD
     |  ^
  2  |  import { API_BASE } from "@/config";
  3  |  import { ApiError, apiFetch, apiUrl } from "./client";
  [39m
      at failureErrorWithLog (C:\Users\User001\Downloads\tcc-unifast\frontend\node_modules\esbuild\lib\main.js:1748:15)
      at C:\Users\User001\Downloads\tcc-unifast\frontend\node_modules\esbuild\lib\main.js:1017:50
      at responseCallbacks.<computed> (C:\Users\User001\Downloads\tcc-unifast\frontend\node_modules\esbuild\lib\main.js:884:9)
      at handleIncomingPacket (C:\Users\User001\Downloads\tcc-unifast\frontend\node_modules\esbuild\lib\main.js:939:12)
      at Socket.readFromStdout (C:\Users\User001\Downloads\tcc-unifast\frontend\node_modules\esbuild\lib\main.js:862:7)
      at Socket.emit (node:events:508:28)
      at addChunk (node:internal/streams/readable:559:12)
      at readableAddChunkPushByteMode (node:internal/streams/readable:510:3)
      at Readable.push (node:internal/streams/readable:390:5)
      at Pipe.onStreamRead (node:internal/stream_base_commons:189:23)
[2m9:40:40 PM[22m [31m[1m[vite][22m[39m [31mInternal server error: Transform failed with 1 error:
C:/Users/User001/Downloads/tcc-unifast/frontend/src/api/client.ts:85:0: ERROR: Unexpected "<<"[39m
  Plugin: [35mvite:esbuild[39m
  File: [36mC:/Users/User001/Downloads/tcc-unifast/frontend/src/api/client.ts[39m:85:0
[33m  
  [33mUnexpected "<<"[33m
  83 |    }
  84 |  
  85 |  <<<<<<< HEAD
     |  ^
  86 |    const response = await fetch(fullUrl, { ...init, credentials: "include", headers });
  87 |    const payload = await response.json().catch(() => ({}));
  [39m
      at failureErrorWithLog (C:\Users\User001\Downloads\tcc-unifast\frontend\node_modules\esbuild\lib\main.js:1748:15)
      at C:\Users\User001\Downloads\tcc-unifast\frontend\node_modules\esbuild\lib\main.js:1017:50
      at responseCallbacks.<computed> (C:\Users\User001\Downloads\tcc-unifast\frontend\node_modules\esbuild\lib\main.js:884:9)
      at handleIncomingPacket (C:\Users\User001\Downloads\tcc-unifast\frontend\node_modules\esbuild\lib\main.js:939:12)
      at Socket.readFromStdout (C:\Users\User001\Downloads\tcc-unifast\frontend\node_modules\esbuild\lib\main.js:862:7)
      at Socket.emit (node:events:508:28)
      at addChunk (node:internal/streams/readable:559:12)
      at readableAddChunkPushByteMode (node:internal/streams/readable:510:3)
      at Readable.push (node:internal/streams/readable:390:5)
      at Pipe.onStreamRead (node:internal/stream_base_commons:189:23)
